Student model summary:
===================================================================================================================
Layer (type:depth-idx)                                            Output Shape              Param #
===================================================================================================================
Distil_Wav2vec2_N_Trans_Layer_ConformerTCM                        [1, 2]                    --
├─My_Wav2vec2Base_FE: 1-1                                         --                        --
│    └─Wav2Vec2Model: 2-1                                         --                        673,664
│    │    └─ConvFeatureExtractionModel: 3-1                       [1, 512, 49]              4,200,448
│    │    └─LayerNorm: 3-2                                        [1, 49, 512]              1,024
│    │    └─Linear: 3-3                                           [1, 49, 768]              393,984
│    │    └─Dropout: 3-4                                          [1, 49, 768]              --
│    │    └─Dropout: 3-5                                          [1, 49, 512]              --
│    │    └─TransformerEncoder: 3-6                               [1, 49, 768]              40,160,384
├─Linear: 1-2                                                     [1, 49, 144]              110,736
├─BatchNorm2d: 1-3                                                [1, 1, 49, 144]           2
├─SELU: 1-4                                                       [1, 1, 49, 144]           --
├─MyConformer: 1-5                                                [1, 2]                    1,440,144
│    └─ModuleList: 2-2                                            --                        --
│    │    └─ConformerBlock: 3-7                                   [1, 50, 144]              558,648
│    │    └─ConformerBlock: 3-8                                   [1, 50, 144]              558,648
│    │    └─ConformerBlock: 3-9                                   [1, 50, 144]              558,648
│    │    └─ConformerBlock: 3-10                                  [1, 50, 144]              558,648
│    └─Linear: 2-3                                                [1, 2]                    290
===================================================================================================================
Total params: 49,215,268
Trainable params: 47,775,268
Non-trainable params: 1,440,000
Total mult-adds (G): 7.26
===================================================================================================================
Input size (MB): 0.06
Forward/backward pass size (MB): 57.41
Params size (MB): 141.15
Estimated Total Size (MB): 198.62
===================================================================================================================
Teacher model summary:
===================================================================================================================
Layer (type:depth-idx)                                            Output Shape              Param #
===================================================================================================================
Model                                                             [1, 2]                    --
├─SSLModel: 1-1                                                   --                        --
│    └─Wav2Vec2Model: 2-1                                         --                        1,952,896
│    │    └─ConvFeatureExtractionModel: 3-1                       [1, 512, 49]              4,210,176
│    │    └─LayerNorm: 3-2                                        [1, 49, 512]              1,024
│    │    └─Linear: 3-3                                           [1, 49, 1024]             525,312
│    │    └─Dropout: 3-4                                          [1, 49, 1024]             --
│    │    └─Dropout: 3-5                                          [1, 49, 512]              --
│    │    └─TransformerEncoder: 3-6                               [1, 49, 1024]             310,701,184
├─Linear: 1-2                                                     [1, 49, 144]              147,600
├─BatchNorm2d: 1-3                                                [1, 1, 49, 144]           2
├─SELU: 1-4                                                       [1, 1, 49, 144]           --
├─MyConformer: 1-5                                                [1, 2]                    1,440,144
│    └─ModuleList: 2-2                                            --                        --
│    │    └─ConformerBlock: 3-7                                   [1, 50, 144]              558,648
│    │    └─ConformerBlock: 3-8                                   [1, 50, 144]              558,648
│    │    └─ConformerBlock: 3-9                                   [1, 50, 144]              558,648
│    │    └─ConformerBlock: 3-10                                  [1, 50, 144]              558,648
│    └─Linear: 2-3                                                [1, 2]                    290
===================================================================================================================
Total params: 321,213,220
Trainable params: 319,773,220
Non-trainable params: 1,440,000
Total mult-adds (G): 20.95
===================================================================================================================
Input size (MB): 0.06
Forward/backward pass size (MB): 127.49
Params size (MB): 868.23
Estimated Total Size (MB): 995.78
===================================================================================================================
